2024-10-25 09:47:20 [ERROR]: uncaughtException: ⨯ Unable to compile TypeScript:
src/server/server.ts(6,21): error TS2304: Cannot find name 'normalizePort'.

TSError: ⨯ Unable to compile TypeScript:
src/server/server.ts(6,21): error TS2304: Cannot find name 'normalizePort'.

    at createTSError (/app/node_modules/ts-node/src/index.ts:859:12)
    at reportTSError (/app/node_modules/ts-node/src/index.ts:863:19)
    at getOutput (/app/node_modules/ts-node/src/index.ts:1077:36)
    at Object.compile (/app/node_modules/ts-node/src/index.ts:1433:41)
    at Module.m._compile (/app/node_modules/ts-node/src/index.ts:1617:30)
    at Module._extensions..js (node:internal/modules/cjs/loader:1548:10)
    at Object.require.extensions.<computed> [as .ts] (/app/node_modules/ts-node/src/index.ts:1621:12)
    at Module.load (node:internal/modules/cjs/loader:1288:32)
    at Function.Module._load (node:internal/modules/cjs/loader:1104:12)
    at Module.require (node:internal/modules/cjs/loader:1311:19)
2024-10-25 09:57:52 [ERROR]: uncaughtException: ⨯ Unable to compile TypeScript:
src/server/server.ts(6,21): error TS2304: Cannot find name 'normalizePort'.

TSError: ⨯ Unable to compile TypeScript:
src/server/server.ts(6,21): error TS2304: Cannot find name 'normalizePort'.

    at createTSError (/app/node_modules/ts-node/src/index.ts:859:12)
    at reportTSError (/app/node_modules/ts-node/src/index.ts:863:19)
    at getOutput (/app/node_modules/ts-node/src/index.ts:1077:36)
    at Object.compile (/app/node_modules/ts-node/src/index.ts:1433:41)
    at Module.m._compile (/app/node_modules/ts-node/src/index.ts:1617:30)
    at Module._extensions..js (node:internal/modules/cjs/loader:1548:10)
    at Object.require.extensions.<computed> [as .ts] (/app/node_modules/ts-node/src/index.ts:1621:12)
    at Module.load (node:internal/modules/cjs/loader:1288:32)
    at Function.Module._load (node:internal/modules/cjs/loader:1104:12)
    at Module.require (node:internal/modules/cjs/loader:1311:19)
2024-10-25 10:08:11 [ERROR]: uncaughtException: ⨯ Unable to compile TypeScript:
src/server/server.ts(6,21): error TS2304: Cannot find name 'normalizePort'.

TSError: ⨯ Unable to compile TypeScript:
src/server/server.ts(6,21): error TS2304: Cannot find name 'normalizePort'.

    at createTSError (/app/node_modules/ts-node/src/index.ts:859:12)
    at reportTSError (/app/node_modules/ts-node/src/index.ts:863:19)
    at getOutput (/app/node_modules/ts-node/src/index.ts:1077:36)
    at Object.compile (/app/node_modules/ts-node/src/index.ts:1433:41)
    at Module.m._compile (/app/node_modules/ts-node/src/index.ts:1617:30)
    at Module._extensions..js (node:internal/modules/cjs/loader:1548:10)
    at Object.require.extensions.<computed> [as .ts] (/app/node_modules/ts-node/src/index.ts:1621:12)
    at Module.load (node:internal/modules/cjs/loader:1288:32)
    at Function.Module._load (node:internal/modules/cjs/loader:1104:12)
    at Module.require (node:internal/modules/cjs/loader:1311:19)
2024-10-25 10:08:37 [ERROR]: uncaughtException: ⨯ Unable to compile TypeScript:
src/server/server.ts(6,21): error TS2304: Cannot find name 'normalizePort'.

TSError: ⨯ Unable to compile TypeScript:
src/server/server.ts(6,21): error TS2304: Cannot find name 'normalizePort'.

    at createTSError (/app/node_modules/ts-node/src/index.ts:859:12)
    at reportTSError (/app/node_modules/ts-node/src/index.ts:863:19)
    at getOutput (/app/node_modules/ts-node/src/index.ts:1077:36)
    at Object.compile (/app/node_modules/ts-node/src/index.ts:1433:41)
    at Module.m._compile (/app/node_modules/ts-node/src/index.ts:1617:30)
    at Module._extensions..js (node:internal/modules/cjs/loader:1548:10)
    at Object.require.extensions.<computed> [as .ts] (/app/node_modules/ts-node/src/index.ts:1621:12)
    at Module.load (node:internal/modules/cjs/loader:1288:32)
    at Function.Module._load (node:internal/modules/cjs/loader:1104:12)
    at Module.require (node:internal/modules/cjs/loader:1311:19)
2024-10-25 10:08:56 [ERROR]: uncaughtException: ⨯ Unable to compile TypeScript:
src/server/server.ts(6,21): error TS2304: Cannot find name 'normalizePort'.

TSError: ⨯ Unable to compile TypeScript:
src/server/server.ts(6,21): error TS2304: Cannot find name 'normalizePort'.

    at createTSError (/app/node_modules/ts-node/src/index.ts:859:12)
    at reportTSError (/app/node_modules/ts-node/src/index.ts:863:19)
    at getOutput (/app/node_modules/ts-node/src/index.ts:1077:36)
    at Object.compile (/app/node_modules/ts-node/src/index.ts:1433:41)
    at Module.m._compile (/app/node_modules/ts-node/src/index.ts:1617:30)
    at Module._extensions..js (node:internal/modules/cjs/loader:1548:10)
    at Object.require.extensions.<computed> [as .ts] (/app/node_modules/ts-node/src/index.ts:1621:12)
    at Module.load (node:internal/modules/cjs/loader:1288:32)
    at Function.Module._load (node:internal/modules/cjs/loader:1104:12)
    at Module.require (node:internal/modules/cjs/loader:1311:19)
2024-10-25 10:09:08 [ERROR]: uncaughtException: ⨯ Unable to compile TypeScript:
src/server/server.ts(6,21): error TS2304: Cannot find name 'normalizePort'.

TSError: ⨯ Unable to compile TypeScript:
src/server/server.ts(6,21): error TS2304: Cannot find name 'normalizePort'.

    at createTSError (/app/node_modules/ts-node/src/index.ts:859:12)
    at reportTSError (/app/node_modules/ts-node/src/index.ts:863:19)
    at getOutput (/app/node_modules/ts-node/src/index.ts:1077:36)
    at Object.compile (/app/node_modules/ts-node/src/index.ts:1433:41)
    at Module.m._compile (/app/node_modules/ts-node/src/index.ts:1617:30)
    at Module._extensions..js (node:internal/modules/cjs/loader:1548:10)
    at Object.require.extensions.<computed> [as .ts] (/app/node_modules/ts-node/src/index.ts:1621:12)
    at Module.load (node:internal/modules/cjs/loader:1288:32)
    at Function.Module._load (node:internal/modules/cjs/loader:1104:12)
    at Module.require (node:internal/modules/cjs/loader:1311:19)
2024-10-25 10:09:10 [ERROR]: uncaughtException: ⨯ Unable to compile TypeScript:
src/server/server.ts(6,21): error TS2304: Cannot find name 'normalizePort'.

TSError: ⨯ Unable to compile TypeScript:
src/server/server.ts(6,21): error TS2304: Cannot find name 'normalizePort'.

    at createTSError (/app/node_modules/ts-node/src/index.ts:859:12)
    at reportTSError (/app/node_modules/ts-node/src/index.ts:863:19)
    at getOutput (/app/node_modules/ts-node/src/index.ts:1077:36)
    at Object.compile (/app/node_modules/ts-node/src/index.ts:1433:41)
    at Module.m._compile (/app/node_modules/ts-node/src/index.ts:1617:30)
    at Module._extensions..js (node:internal/modules/cjs/loader:1548:10)
    at Object.require.extensions.<computed> [as .ts] (/app/node_modules/ts-node/src/index.ts:1621:12)
    at Module.load (node:internal/modules/cjs/loader:1288:32)
    at Function.Module._load (node:internal/modules/cjs/loader:1104:12)
    at Module.require (node:internal/modules/cjs/loader:1311:19)
2024-10-25 16:20:53 [ERROR]: uncaughtException: ⨯ Unable to compile TypeScript:
src/server/app.ts(21,1): error TS2304: Cannot find name 'connectMongoDB'.
src/server/app.ts(7,1): error TS1005: '=' expected.

TSError: ⨯ Unable to compile TypeScript:
src/server/app.ts(21,1): error TS2304: Cannot find name 'connectMongoDB'.
src/server/app.ts(7,1): error TS1005: '=' expected.

    at createTSError (/app/node_modules/ts-node/src/index.ts:859:12)
    at reportTSError (/app/node_modules/ts-node/src/index.ts:863:19)
    at getOutput (/app/node_modules/ts-node/src/index.ts:1077:36)
    at Object.compile (/app/node_modules/ts-node/src/index.ts:1433:41)
    at Module.m._compile (/app/node_modules/ts-node/src/index.ts:1617:30)
    at Module._extensions..js (node:internal/modules/cjs/loader:1548:10)
    at Object.require.extensions.<computed> [as .ts] (/app/node_modules/ts-node/src/index.ts:1621:12)
    at Module.load (node:internal/modules/cjs/loader:1288:32)
    at Function.Module._load (node:internal/modules/cjs/loader:1104:12)
    at Module.require (node:internal/modules/cjs/loader:1311:19)
2024-10-25 16:20:57 [ERROR]: uncaughtException: app.use() requires a middleware function
TypeError: app.use() requires a middleware function
    at Function.use (/app/node_modules/express/lib/application.js:217:11)
    at Object.<anonymous> (/app/src/server/app.ts:28:5)
    at Module._compile (node:internal/modules/cjs/loader:1469:14)
    at Module.m._compile (/app/node_modules/ts-node/src/index.ts:1618:23)
    at Module._extensions..js (node:internal/modules/cjs/loader:1548:10)
    at Object.require.extensions.<computed> [as .ts] (/app/node_modules/ts-node/src/index.ts:1621:12)
    at Module.load (node:internal/modules/cjs/loader:1288:32)
    at Function.Module._load (node:internal/modules/cjs/loader:1104:12)
    at Module.require (node:internal/modules/cjs/loader:1311:19)
    at require (node:internal/modules/helpers:179:18)
2024-10-27 23:31:25 [ERROR]: uncaughtException: app.use() requires a middleware function
TypeError: app.use() requires a middleware function
    at Function.use (/app/node_modules/express/lib/application.js:217:11)
    at Object.<anonymous> (/app/src/server/app.ts:28:5)
    at Module._compile (node:internal/modules/cjs/loader:1469:14)
    at Module.m._compile (/app/node_modules/ts-node/src/index.ts:1618:23)
    at Module._extensions..js (node:internal/modules/cjs/loader:1548:10)
    at Object.require.extensions.<computed> [as .ts] (/app/node_modules/ts-node/src/index.ts:1621:12)
    at Module.load (node:internal/modules/cjs/loader:1288:32)
    at Function.Module._load (node:internal/modules/cjs/loader:1104:12)
    at Module.require (node:internal/modules/cjs/loader:1311:19)
    at require (node:internal/modules/helpers:179:18)
2024-10-27 23:32:42 [ERROR]: uncaughtException: ⨯ Unable to compile TypeScript:
src/server/app.ts(24,8): error TS1192: Module '"/app/src/routes/index"' has no default export.

TSError: ⨯ Unable to compile TypeScript:
src/server/app.ts(24,8): error TS1192: Module '"/app/src/routes/index"' has no default export.

    at createTSError (/app/node_modules/ts-node/src/index.ts:859:12)
    at reportTSError (/app/node_modules/ts-node/src/index.ts:863:19)
    at getOutput (/app/node_modules/ts-node/src/index.ts:1077:36)
    at Object.compile (/app/node_modules/ts-node/src/index.ts:1433:41)
    at Module.m._compile (/app/node_modules/ts-node/src/index.ts:1617:30)
    at Module._extensions..js (node:internal/modules/cjs/loader:1548:10)
    at Object.require.extensions.<computed> [as .ts] (/app/node_modules/ts-node/src/index.ts:1621:12)
    at Module.load (node:internal/modules/cjs/loader:1288:32)
    at Function.Module._load (node:internal/modules/cjs/loader:1104:12)
    at Module.require (node:internal/modules/cjs/loader:1311:19)
